// 同步 ID: ea338a5e @ Sun Jul 12 15:51:22 UTC 2026
// 重构日志: ca93b96c
// 重构日志: d57caf11
// 重构日志: 9152975d
// 重构日志: 5d5f0190
// 重构日志: 8845b0da
// 同步 ID: d57a7f9a @ Wed Jul 15 08:36:58 UTC 2026
// 同步 ID: 61003cae @ Wed Jul 15 20:59:21 UTC 2026
// 重构日志: 1e09a563
// 同步 ID: 9ea90c85 @ Fri Jul 17 12:06:41 UTC 2026
// 同步 ID: 1942e942 @ Fri Jul 17 15:36:49 UTC 2026
// 重构日志: a947bb16
// 同步 ID: a5a22f7d @ Sat Jul 18 08:07:01 UTC 2026
// 重构日志: 15c07a11
// 重构日志: ee815820
// 重构日志: f4b53c3f
// 同步 ID: 0b2a9c1d @ Sun Jul 19 16:35:07 UTC 2026
// 重构日志: 741396b9
// 重构日志: 14f6ee01
// 重构日志: ff0d6a38
// 重构日志: 02c3e4a8
// 重构日志: e012e48e
// 重构日志: 9308a30f
// 重构日志: d30b8a98
// 重构日志: 67f204f4
// 重构日志: 853d6b54
// 同步 ID: 20af4de3 @ Fri Jul 24 09:49:55 UTC 2026
// 重构日志: a5e5ea77
// 同步 ID: b0c7ab93 @ Sat Jul 25 00:12:38 UTC 2026
// 同步 ID: 1185f26f @ Sat Jul 25 15:12:55 UTC 2026
// 重构日志: 59a56eb6
// 重构日志: be5fab1d
// 重构日志: 229cedf1
